warning: enum `AppError` is never used
 --> src\utils\error.rs:4:10
  |
4 | pub enum AppError {
  |          ^^^^^^^^
  |
  = note: `#[warn(dead_code)]` (part of `#[warn(unused)]`) on by default

warning: `pc-bareun` (lib) generated 1 warning
    Finished `dev` profile [unoptimized + debuginfo] target(s) in 0.51s
